
> qwikchat@0.0.0 build
> tsc -b && vite build

src/components/chat/ChatArea.tsx(9,1): error TS6192: All imports in import declaration are unused.
src/components/chat/ChatArea.tsx(193,33): error TS2322: Type 'string | undefined' is not assignable to type 'string'.
  Type 'undefined' is not assignable to type 'string'.
src/components/chat/CreateChatModal.tsx(5,1): error TS6133: 'Button' is declared but its value is never read.
src/components/chat/Sidebar.tsx(1,20): error TS6133: 'useMemo' is declared but its value is never read.
src/components/chat/Sidebar.tsx(52,22): error TS2552: Cannot find name 'Input'. Did you mean 'oninput'?
src/components/chat/Sidebar.tsx(56,36): error TS7006: Parameter 'e' implicitly has an 'any' type.
