
> qwikchat@0.0.0 build
> tsc -b && vite build

src/components/chat/CreateChatModal.tsx(5,1): error TS6133: 'Button' is declared but its value is never read.
